// Jest Snapshot v1, https://goo.gl/fbAQLP

exports[`java full integration synth generates JSON 1`] = `
"{
  \\"//\\": {
    \\"metadata\\": {
      \\"version\\": \\"stubbed\\",
      \\"stackName\\": \\"java-simple\\",
      \\"backend\\": \\"local\\",
      \\"overrides\\": {
        \\"aws_sns_topic\\": [
          \\"display_name\\"
        ]
      }
    }
  },
  \\"terraform\\": {
    \\"required_providers\\": {
      \\"aws\\": {
        \\"version\\": \\"~> 2.0\\",
        \\"source\\": \\"aws\\"
      }
    }
  },
  \\"provider\\": {
    \\"aws\\": [
      {
        \\"region\\": \\"eu-central-1\\"
      }
    ]
  },
  \\"resource\\": {
    \\"aws_sns_topic\\": {
      \\"Topic\\": {
        \\"display_name\\": \\"my-first-sns-topic\\",
        \\"//\\": {
          \\"metadata\\": {
            \\"path\\": \\"java-simple/Topic\\",
            \\"uniqueId\\": \\"Topic\\"
          }
        }
      }
    }
  }
}"
`;
