// Jest Snapshot v1, https://goo.gl/fbAQLP

exports[`python full integration 3rd party synth generates JSON 1`] = `
"{
  \\"//\\": {
    \\"metadata\\": {
      \\"version\\": \\"stubbed\\",
      \\"stackName\\": \\"python-third-party-provider\\",
      \\"backend\\": \\"local\\"
    }
  },
  \\"terraform\\": {
    \\"required_providers\\": {
      \\"docker\\": {
        \\"version\\": \\"~> 2.0\\",
        \\"source\\": \\"terraform-providers/docker\\"
      }
    }
  },
  \\"provider\\": {
    \\"docker\\": [
      {}
    ]
  },
  \\"resource\\": {
    \\"docker_image\\": {
      \\"nginxlatest\\": {
        \\"keep_locally\\": false,
        \\"name\\": \\"nginx:latest\\",
        \\"//\\": {
          \\"metadata\\": {
            \\"path\\": \\"python-third-party-provider/nginx-latest\\",
            \\"uniqueId\\": \\"nginxlatest\\"
          }
        }
      }
    },
    \\"docker_container\\": {
      \\"nginxcdktf\\": {
        \\"image\\": \\"\${docker_image.nginxlatest.name}\\",
        \\"name\\": \\"nginx-python-cdktf\\",
        \\"privileged\\": false,
        \\"ports\\": [
          {
            \\"external\\": 8000,
            \\"internal\\": 80
          }
        ],
        \\"//\\": {
          \\"metadata\\": {
            \\"path\\": \\"python-third-party-provider/nginx-cdktf\\",
            \\"uniqueId\\": \\"nginxcdktf\\"
          }
        }
      }
    }
  }
}"
`;
